// Jest Snapshot v1, https://goo.gl/fbAQLP

exports[`Setup should render correctly 1`] = `
<Formik
  config={
    Object {
      "canonicalPriceFeedAddress": "foo",
      "competitionComplianceAddress": "bar",
      "onlyManagerCompetitionAddress": "foo",
    }
  }
  enableReinitialize={true}
  handleSubmit={[Function]}
  initialValues={
    Object {
      "name": "",
    }
  }
  isInitialValid={false}
  onSubmit={[Function]}
  render={[Function]}
  validateOnBlur={true}
  validateOnChange={true}
  validationSchema={[Function]}
/>
`;
