// Jest Snapshot v1, https://goo.gl/fbAQLP

exports[`Form should render correctly 1`] = `
<form
  className="jsx-__scopedHash form"
>
  <JSXStyle
    css="__scoped"
    styleId="__scopedHash"
  />
  Default form
</form>
`;
