// Jest Snapshot v1, https://goo.gl/fbAQLP

exports[`OrderForm should render correctly 1`] = `
<Formik
  baseTokenSymbol="ETH-T-M"
  dataValid={true}
  decimals={6}
  enableReinitialize={true}
  exchanges={
    Array [
      Object {
        "name": "Radar Relay",
        "value": "RadarRelay",
      },
      Object {
        "name": "OasisDEX",
        "value": "OasisDEX",
      },
    ]
  }
  handleSubmit={[Function]}
  info={
    Object {
      "ask": 0,
      "bid": 0,
      "lastPrice": 0.5,
      "tokens": Object {
        "baseToken": Object {
          "balance": 30,
          "name": "ETH-T",
        },
        "quoteToken": Object {
          "balance": 20,
          "name": "MLN-T",
        },
      },
    }
  }
  initialValues={
    Object {
      "exchange": "RADAR_RELAY",
      "price": "",
      "quantity": "",
      "total": "",
      "type": "buy",
    }
  }
  isInitialValid={false}
  onSubmit={[Function]}
  quoteTokenSymbol="MLN-T-M"
  render={[Function]}
  selectedExchange="RadarRelay"
  selectedOrderType="Buy"
  strategy="Limit"
  total=""
  validateOnBlur={true}
  validateOnChange={true}
  validationSchema={[Function]}
/>
`;
