// Jest Snapshot v1, https://goo.gl/fbAQLP

exports[`Administration should render correctly 1`] = `
<div
  className="jsx-__scopedHash administration"
>
  <JSXStyle
    css="__scoped"
    styleId="__scopedHash"
  />
  <h3
    className="jsx-__scopedHash"
  >
    Fund Administration
  </h3>
  <Button
    style="clear"
  >
    Enable subscription
  </Button>
  <Button
    style="clear"
  >
    Convert unclaimed rewards: 0 
  </Button>
  <Button
    style="clear"
  >
    Irreversibly shut down fund
  </Button>
</div>
`;
