// Jest Snapshot v1, https://goo.gl/fbAQLP

exports[`failed peer dep 1`] = `
Object {
  "linux": Array [],
}
`;

exports[`ignore node_modules 1`] = `
Object {
  "linux": Array [],
}
`;

exports[`link 1`] = `
Object {
  "linux": Array [],
}
`;

exports[`link 2`] = `
Object {
  "link": "index.js",
}
`;

exports[`outside link 1`] = `
Object {
  "linux": Array [],
}
`;

exports[`outside link 2`] = `
Object {
  "offset": "5154",
  "size": 4,
}
`;

exports[`unpackDir 1`] = `
Object {
  "linux": Array [],
}
`;

exports[`unpackDir 2`] = `"BAAAABACAAAMAgAACAIAAHsiZmlsZXMiOnsiaW5kZXguaHRtbCI6eyJzaXplIjozNzgsIm9mZnNldCI6IjAifSwiaW5kZXguanMiOnsic2l6ZSI6NjE5LCJvZmZzZXQiOiIzNzgifSwicGFja2FnZS5qc29uIjp7InNpemUiOjIyNCwib2Zmc2V0IjoiOTk3In0sInBhdGgiOnsiZmlsZXMiOnsiYXBwLmFzYXIiOnsic2l6ZSI6NzE0LCJvZmZzZXQiOiIxMjIxIn19fSwiZG8tbm90LXVucGFjay1kaXIiOnsiZmlsZXMiOnsiZmlsZS5qc29uIjp7InNpemUiOjIsInVucGFja2VkIjp0cnVlfSwibXVzdC1iZS1ub3QtdW5wYWNrZWQiOnsic2l6ZSI6Miwib2Zmc2V0IjoiMTkzNSJ9LCJkaXItMiI6eyJmaWxlcyI6eyJkaXItMyI6eyJmaWxlcyI6eyJkaXItMyI6eyJmaWxlcyI6eyJmaWxlLWluLWFzYXIiOnsic2l6ZSI6Miwib2Zmc2V0IjoiMTkzNyJ9fX19fX19fX0sImIyIjp7ImZpbGVzIjp7ImZpbGUiOnsic2l6ZSI6NCwidW5wYWNrZWQiOnRydWV9fX0sImFzc2V0cyI6eyJmaWxlcyI6eyJmaWxlIjp7InNpemUiOjQsInVucGFja2VkIjp0cnVlfX19fX08IURPQ1RZUEUgaHRtbD4KPGh0bWw+CiAgPGhlYWQ+CiAgICA8bWV0YSBjaGFyc2V0PSJVVEYtOCI+CiAgICA8dGl0bGU+SGVsbG8gV29ybGQhPC90aXRsZT4KICA8L2hlYWQ+CiAgPGJvZHk+CiAgICA8aDE+SGVsbG8gV29ybGQhPC9oMT4KICAgIFdlIGFyZSB1c2luZyBub2RlIDxzY3JpcHQ+ZG9jdW1lbnQud3JpdGUocHJvY2Vzcy52ZXJzaW9ucy5ub2RlKTwvc2NyaXB0PiwKICAgIENocm9tZSA8c2NyaXB0PmRvY3VtZW50LndyaXRlKHByb2Nlc3MudmVyc2lvbnMuY2hyb21lKTwvc2NyaXB0PiwKICAgIGFuZCBFbGVjdHJvbiA8c2NyaXB0PmRvY3VtZW50LndyaXRlKHByb2Nlc3MudmVyc2lvbnMuZWxlY3Ryb24pPC9zY3JpcHQ+LgogIDwvYm9keT4KPC9odG1sPgoidXNlIHN0cmljdCIKCmNvbnN0IGVsZWN0cm9uID0gcmVxdWlyZSgnZWxlY3Ryb24nKQpjb25zdCBhcHAgPSBlbGVjdHJvbi5hcHAKY29uc3QgQnJvd3NlcldpbmRvdyA9IGVsZWN0cm9uLkJyb3dzZXJXaW5kb3cKCmxldCBtYWluV2luZG93CgpmdW5jdGlvbiBjcmVhdGVXaW5kb3cgKCkgewogIG1haW5XaW5kb3cgPSBuZXcgQnJvd3NlcldpbmRvdyh7d2lkdGg6IDgwMCwgaGVpZ2h0OiA2MDB9KQogIG1haW5XaW5kb3cubG9hZFVSTCgnZmlsZTovLycgKyBfX2Rpcm5hbWUgKyAnL2luZGV4Lmh0bWwnKQoKICBtYWluV2luZG93LndlYkNvbnRlbnRzLm9wZW5EZXZUb29scygpCgogIG1haW5XaW5kb3cub24oJ2Nsb3NlZCcsIGZ1bmN0aW9uKCkgewogICAgbWFpbldpbmRvdyA9IG51bGwKICB9KTsKfQoKYXBwLm9uKCdyZWFkeScsIGNyZWF0ZVdpbmRvdykKCmFwcC5vbignd2luZG93LWFsbC1jbG9zZWQnLCBmdW5jdGlvbiAoKSB7CiAgaWYgKHByb2Nlc3MucGxhdGZvcm0gIT09ICdkYXJ3aW4nKSB7CiAgICBhcHAucXVpdCgpCiAgfQp9KQoKYXBwLm9uKCdhY3RpdmF0ZScsIGZ1bmN0aW9uICgpIHsKICBpZiAobWFpbldpbmRvdyA9PT0gbnVsbCkgewogICAgY3JlYXRlV2luZG93KCkKICB9Cn0pewogICJwcml2YXRlIjogdHJ1ZSwKICAibmFtZSI6ICJUZXN0QXBwIiwKICAidmVyc2lvbiI6ICIxLjEuMCIsCiAgImRlc2NyaXB0aW9uIjogIlRlc3QgQXBwbGljYXRpb24gKHRlc3QgcXVpdGUgXCIgIzM3OCkiLAogICJhdXRob3IiOiAiRm9vIEJhciA8Zm9vQGV4YW1wbGUuY29tPiIsCiAgImxpY2Vuc2UiOiAiTUlUIiwKICAiaG9tZXBhZ2UiOiAiaHR0cDovL2Zvby5leGFtcGxlLmNvbSIKfQoEAAAAOAAAADQAAAAwAAAAeyJmaWxlcyI6eyJpbmRleC5qcyI6eyJzaXplIjo2NTAsIm9mZnNldCI6IjAifX19InVzZSBzdHJpY3QiDQoNCmNvbnN0IGVsZWN0cm9uID0gcmVxdWlyZSgnZWxlY3Ryb24nKQ0KY29uc3QgYXBwID0gZWxlY3Ryb24uYXBwDQpjb25zdCBCcm93c2VyV2luZG93ID0gZWxlY3Ryb24uQnJvd3NlcldpbmRvdw0KDQpsZXQgbWFpbldpbmRvdw0KDQpmdW5jdGlvbiBjcmVhdGVXaW5kb3cgKCkgew0KICBtYWluV2luZG93ID0gbmV3IEJyb3dzZXJXaW5kb3coe3dpZHRoOiA4MDAsIGhlaWdodDogNjAwfSkNCiAgbWFpbldpbmRvdy5sb2FkVVJMKCdmaWxlOi8vJyArIF9fZGlybmFtZSArICcvaW5kZXguaHRtbCcpDQoNCiAgbWFpbldpbmRvdy53ZWJDb250ZW50cy5vcGVuRGV2VG9vbHMoKQ0KDQogIG1haW5XaW5kb3cub24oJ2Nsb3NlZCcsIGZ1bmN0aW9uKCkgew0KICAgIG1haW5XaW5kb3cgPSBudWxsDQogIH0pOw0KfQ0KDQphcHAub24oJ3JlYWR5JywgY3JlYXRlV2luZG93KQ0KDQphcHAub24oJ3dpbmRvdy1hbGwtY2xvc2VkJywgZnVuY3Rpb24gKCkgew0KICBpZiAocHJvY2Vzcy5wbGF0Zm9ybSAhPT0gJ2RhcndpbicpIHsNCiAgICBhcHAucXVpdCgpDQogIH0NCn0pDQoNCmFwcC5vbignYWN0aXZhdGUnLCBmdW5jdGlvbiAoKSB7DQogIGlmIChtYWluV2luZG93ID09PSBudWxsKSB7DQogICAgY3JlYXRlV2luZG93KCkNCiAgfQ0KfSl7fXt9"`;

exports[`unpackDir one 1`] = `
Object {
  "linux": Array [],
}
`;

exports[`unpackDir one 2`] = `"BAAAAFQCAABQAgAATAIAAHsiZmlsZXMiOnsiaW5kZXguaHRtbCI6eyJzaXplIjo4NDEsIm9mZnNldCI6IjAifSwiaW5kZXguanMiOnsic2l6ZSI6NDA1Nywib2Zmc2V0IjoiODQxIn0sInBhY2thZ2UuanNvbiI6eyJzaXplIjoyNTYsIm9mZnNldCI6IjQ4OTgifSwiZG8tbm90LXVucGFjay1kaXIiOnsiZmlsZXMiOnsiZmlsZS5qc29uIjp7InNpemUiOjIsInVucGFja2VkIjp0cnVlfSwibXVzdC1iZS1ub3QtdW5wYWNrZWQiOnsic2l6ZSI6Miwib2Zmc2V0IjoiNTE1NCJ9LCJkaXItMiI6eyJmaWxlcyI6eyJkaXItMyI6eyJmaWxlcyI6eyJkaXItMyI6eyJmaWxlcyI6eyJmaWxlLWluLWFzYXIiOnsic2l6ZSI6Miwib2Zmc2V0IjoiNTE1NiJ9fX19fX19fX0sImIyIjp7ImZpbGVzIjp7ImZpbGUiOnsic2l6ZSI6NCwidW5wYWNrZWQiOnRydWV9fX0sImFzc2V0cyI6eyJmaWxlcyI6eyJmaWxlIjp7InNpemUiOjQsInVucGFja2VkIjp0cnVlfX19LCJhcHAiOnsiZmlsZXMiOnsicmVhZG1lLm1kIjp7InNpemUiOjc4LCJvZmZzZXQiOiI1MTU4In0sInBhY2thZ2UuanNvbiI6eyJmaWxlcyI6eyJyZWFkbWUubWQiOnsic2l6ZSI6MzIsIm9mZnNldCI6IjUyMzYifX19fX19fTwhRE9DVFlQRSBodG1sPgo8aHRtbD4KICA8aGVhZD4KICAgIDxtZXRhIGNoYXJzZXQ9IlVURi04Ij4KICAgIDx0aXRsZT5IZWxsbyBXb3JsZCE8L3RpdGxlPgogICAgPHNjcmlwdD4KICAgICAgY29uc3Qge2lwY1JlbmRlcmVyfSA9IHJlcXVpcmUoImVsZWN0cm9uIikKICAgICAgZnVuY3Rpb24gc2F2ZUFwcERhdGEoKSB7CiAgICAgICAgaXBjUmVuZGVyZXIuc2VuZCgic2F2ZUFwcERhdGEiKQogICAgICB9CiAgICA8L3NjcmlwdD4KICA8L2hlYWQ+CiAgPGJvZHk+CiAgICA8aDE+SGVsbG8gV29ybGQhPC9oMT4KICAgIFdlIGFyZSB1c2luZyBub2RlIDxzY3JpcHQ+ZG9jdW1lbnQud3JpdGUocHJvY2Vzcy52ZXJzaW9ucy5ub2RlKTwvc2NyaXB0PiwKICAgIENocm9tZSA8c2NyaXB0PmRvY3VtZW50LndyaXRlKHByb2Nlc3MudmVyc2lvbnMuY2hyb21lKTwvc2NyaXB0PiwKICAgIGFuZCBFbGVjdHJvbiA8c2NyaXB0PmRvY3VtZW50LndyaXRlKHByb2Nlc3MudmVyc2lvbnMuZWxlY3Ryb24pPC9zY3JpcHQ+LgoKICAgIEFyZ3M6IDxzY3JpcHQ+ZG9jdW1lbnQud3JpdGUoIjxicj48YnI+PHByZT4iICsgSlNPTi5zdHJpbmdpZnkocmVxdWlyZSgiZWxlY3Ryb24iKS5yZW1vdGUucHJvY2Vzcy5hcmd2LCBudWxsLCAyKSArICI8L3ByZT4iKTwvc2NyaXB0Pi4KCiAgICBFbnY6IDxzY3JpcHQ+ZG9jdW1lbnQud3JpdGUoIjxicj48YnI+PHByZT4iICsgSlNPTi5zdHJpbmdpZnkocHJvY2Vzcy5lbnYsIG51bGwsIDIpICsgIjwvcHJlPiIpPC9zY3JpcHQ+LgoKICAgIDxidXR0b24gb25jbGljaz0ic2F2ZUFwcERhdGEoKSI+U2F2ZSBhcHAgZGF0YTwvYnV0dG9uPgogIDwvYm9keT4KPC9odG1sPgoidXNlIHN0cmljdCIKCmNvbnN0IHsgYXBwLCBpcGNNYWluLCBCcm93c2VyV2luZG93LCBNZW51LCBUcmF5IH0gPSByZXF1aXJlKCJlbGVjdHJvbiIpCmNvbnN0IGZzID0gcmVxdWlyZSgiZnMiKQpjb25zdCBwYXRoID0gcmVxdWlyZSgicGF0aCIpCgppZiAoaGFuZGxlU3F1aXJyZWxFdmVudCgpKSB7CiAgLy8gc3F1aXJyZWwgZXZlbnQgaGFuZGxlZCBhbmQgYXBwIHdpbGwgZXhpdCBpbiAxMDAwbXMsIHNvIGRvbid0IGRvIGFueXRoaW5nIGVsc2UKICByZXR1cm47Cn0KCmZ1bmN0aW9uIGhhbmRsZVNxdWlycmVsRXZlbnQoKSB7CiAgaWYgKHByb2Nlc3MuYXJndi5sZW5ndGggPT09IDEpIHsKICAgIHJldHVybiBmYWxzZTsKICB9CgogIGNvbnN0IENoaWxkUHJvY2VzcyA9IHJlcXVpcmUoJ2NoaWxkX3Byb2Nlc3MnKTsKCiAgY29uc3QgYXBwRm9sZGVyID0gcGF0aC5yZXNvbHZlKHByb2Nlc3MuZXhlY1BhdGgsICcuLicpOwogIGNvbnN0IHJvb3RBdG9tRm9sZGVyID0gcGF0aC5yZXNvbHZlKGFwcEZvbGRlciwgJy4uJyk7CiAgY29uc3QgdXBkYXRlRG90RXhlID0gcGF0aC5yZXNvbHZlKHBhdGguam9pbihyb290QXRvbUZvbGRlciwgJ1VwZGF0ZS5leGUnKSk7CiAgY29uc3QgZXhlTmFtZSA9IHBhdGguYmFzZW5hbWUocHJvY2Vzcy5leGVjUGF0aCk7CgogIGNvbnN0IHNwYXduID0gZnVuY3Rpb24oY29tbWFuZCwgYXJncykgewogICAgbGV0IHNwYXduZWRQcm9jZXNzLCBlcnJvcjsKCiAgICB0cnkgewogICAgICBzcGF3bmVkUHJvY2VzcyA9IENoaWxkUHJvY2Vzcy5zcGF3bihjb21tYW5kLCBhcmdzLCB7ZGV0YWNoZWQ6IHRydWV9KTsKICAgIH0gY2F0Y2ggKGVycm9yKSB7fQoKICAgIHJldHVybiBzcGF3bmVkUHJvY2VzczsKICB9OwoKICBjb25zdCBzcGF3blVwZGF0ZSA9IGZ1bmN0aW9uKGFyZ3MpIHsKICAgIHJldHVybiBzcGF3bih1cGRhdGVEb3RFeGUsIGFyZ3MpOwogIH07CgogIGNvbnN0IHNxdWlycmVsRXZlbnQgPSBwcm9jZXNzLmFyZ3ZbMV07CiAgc3dpdGNoIChzcXVpcnJlbEV2ZW50KSB7CiAgICBjYXNlICctLXNxdWlycmVsLWluc3RhbGwnOgogICAgY2FzZSAnLS1zcXVpcnJlbC11cGRhdGVkJzoKICAgICAgLy8gT3B0aW9uYWxseSBkbyB0aGluZ3Mgc3VjaCBhczoKICAgICAgLy8gLSBBZGQgeW91ciAuZXhlIHRvIHRoZSBQQVRICiAgICAgIC8vIC0gV3JpdGUgdG8gdGhlIHJlZ2lzdHJ5IGZvciB0aGluZ3MgbGlrZSBmaWxlIGFzc29jaWF0aW9ucyBhbmQKICAgICAgLy8gICBleHBsb3JlciBjb250ZXh0IG1lbnVzCgogICAgICAvLyBJbnN0YWxsIGRlc2t0b3AgYW5kIHN0YXJ0IG1lbnUgc2hvcnRjdXRzCiAgICAgIHNwYXduVXBkYXRlKFsnLS1jcmVhdGVTaG9ydGN1dCcsIGV4ZU5hbWVdKTsKCiAgICAgIHNldFRpbWVvdXQoYXBwLnF1aXQsIDEwMDApOwogICAgICByZXR1cm4gdHJ1ZTsKCiAgICBjYXNlICctLXNxdWlycmVsLXVuaW5zdGFsbCc6CiAgICAgIC8vIFVuZG8gYW55dGhpbmcgeW91IGRpZCBpbiB0aGUgLS1zcXVpcnJlbC1pbnN0YWxsIGFuZAogICAgICAvLyAtLXNxdWlycmVsLXVwZGF0ZWQgaGFuZGxlcnMKCiAgICAgIC8vIFJlbW92ZSBkZXNrdG9wIGFuZCBzdGFydCBtZW51IHNob3J0Y3V0cwogICAgICBzcGF3blVwZGF0ZShbJy0tcmVtb3ZlU2hvcnRjdXQnLCBleGVOYW1lXSk7CgogICAgICBzZXRUaW1lb3V0KGFwcC5xdWl0LCAxMDAwKTsKICAgICAgcmV0dXJuIHRydWU7CgogICAgY2FzZSAnLS1zcXVpcnJlbC1vYnNvbGV0ZSc6CiAgICAgIC8vIFRoaXMgaXMgY2FsbGVkIG9uIHRoZSBvdXRnb2luZyB2ZXJzaW9uIG9mIHlvdXIgYXBwIGJlZm9yZQogICAgICAvLyB3ZSB1cGRhdGUgdG8gdGhlIG5ldyB2ZXJzaW9uIC0gaXQncyB0aGUgb3Bwb3NpdGUgb2YKICAgICAgLy8gLS1zcXVpcnJlbC11cGRhdGVkCgogICAgICBhcHAucXVpdCgpOwogICAgICByZXR1cm4gdHJ1ZTsKICB9Cn0KCmxldCBtYWluV2luZG93CmxldCB0cmF5ID0gbnVsbAoKZnVuY3Rpb24gY3JlYXRlV2luZG93ICgpIHsKICBpZiAocHJvY2Vzcy5wbGF0Zm9ybSA9PT0gImxpbnV4IiAmJiBwcm9jZXNzLmVudi5BUFBESVIgIT0gbnVsbCkgewogICAgdHJheSA9IG5ldyBUcmF5KHBhdGguam9pbihwcm9jZXNzLmVudi5BUFBESVIsICJ0ZXN0YXBwLnBuZyIpKQogICAgY29uc3QgY29udGV4dE1lbnUgPSBNZW51LmJ1aWxkRnJvbVRlbXBsYXRlKFsKICAgICAge2xhYmVsOiAnSXRlbTEnLCB0eXBlOiAncmFkaW8nfSwKICAgICAge2xhYmVsOiAnSXRlbTInLCB0eXBlOiAncmFkaW8nfSwKICAgICAge2xhYmVsOiAnSXRlbTMnLCB0eXBlOiAncmFkaW8nLCBjaGVja2VkOiB0cnVlfSwKICAgICAge2xhYmVsOiAnSXRlbTQnLCB0eXBlOiAncmFkaW8nfQogICAgXSkKICAgIHRyYXkuc2V0VG9vbFRpcCgnVGhpcyBpcyBteSBhcHBsaWNhdGlvbi4nKQogICAgdHJheS5zZXRDb250ZXh0TWVudShjb250ZXh0TWVudSkKICB9CgogIC8vIENyZWF0ZSB0aGUgYnJvd3NlciB3aW5kb3cuCiAgbWFpbldpbmRvdyA9IG5ldyBCcm93c2VyV2luZG93KHt3aWR0aDogODAwLCBoZWlnaHQ6IDYwMH0pOwoKICAvLyBhbmQgbG9hZCB0aGUgaW5kZXguaHRtbCBvZiB0aGUgYXBwLgogIG1haW5XaW5kb3cubG9hZFVSTCgnZmlsZTovLycgKyBfX2Rpcm5hbWUgKyAnL2luZGV4Lmh0bWwnKTsKCiAgLy8gT3BlbiB0aGUgRGV2VG9vbHMuCiAgbWFpbldpbmRvdy53ZWJDb250ZW50cy5vcGVuRGV2VG9vbHMoKTsKCiAgbWFpbldpbmRvdy53ZWJDb250ZW50cy5leGVjdXRlSmF2YVNjcmlwdChgY29uc29sZS5sb2coImFwcERhdGE6ICR7YXBwLmdldFBhdGgoImFwcERhdGEiKS5yZXBsYWNlKC9cXC9nLCAiXFxcXCIpfSIpYCkKICBtYWluV2luZG93LndlYkNvbnRlbnRzLmV4ZWN1dGVKYXZhU2NyaXB0KGBjb25zb2xlLmxvZygidXNlckRhdGE6ICR7YXBwLmdldFBhdGgoInVzZXJEYXRhIikucmVwbGFjZSgvXFwvZywgIlxcXFwiKX0iKWApCgogIC8vIEVtaXR0ZWQgd2hlbiB0aGUgd2luZG93IGlzIGNsb3NlZC4KICBtYWluV2luZG93Lm9uKCdjbG9zZWQnLCBmdW5jdGlvbigpIHsKICAgIC8vIERlcmVmZXJlbmNlIHRoZSB3aW5kb3cgb2JqZWN0LCB1c3VhbGx5IHlvdSB3b3VsZCBzdG9yZSB3aW5kb3dzCiAgICAvLyBpbiBhbiBhcnJheSBpZiB5b3VyIGFwcCBzdXBwb3J0cyBtdWx0aSB3aW5kb3dzLCB0aGlzIGlzIHRoZSB0aW1lCiAgICAvLyB3aGVuIHlvdSBzaG91bGQgZGVsZXRlIHRoZSBjb3JyZXNwb25kaW5nIGVsZW1lbnQuCiAgICBtYWluV2luZG93ID0gbnVsbDsKICB9KTsKfQoKLy8gVGhpcyBtZXRob2Qgd2lsbCBiZSBjYWxsZWQgd2hlbiBFbGVjdHJvbiBoYXMgZmluaXNoZWQKLy8gaW5pdGlhbGl6YXRpb24gYW5kIGlzIHJlYWR5IHRvIGNyZWF0ZSBicm93c2VyIHdpbmRvd3MuCmFwcC5vbigncmVhZHknLCBjcmVhdGVXaW5kb3cpOwoKLy8gUXVpdCB3aGVuIGFsbCB3aW5kb3dzIGFyZSBjbG9zZWQuCmFwcC5vbignd2luZG93LWFsbC1jbG9zZWQnLCBmdW5jdGlvbiAoKSB7CiAgLy8gT24gTWFjT1MgaXQgaXMgY29tbW9uIGZvciBhcHBsaWNhdGlvbnMgYW5kIHRoZWlyIG1lbnUgYmFyCiAgLy8gdG8gc3RheSBhY3RpdmUgdW50aWwgdGhlIHVzZXIgcXVpdHMgZXhwbGljaXRseSB3aXRoIENtZCArIFEKICBpZiAocHJvY2Vzcy5wbGF0Zm9ybSAhPT0gJ2RhcndpbicpIHsKICAgIGFwcC5xdWl0KCk7CiAgfQp9KTsKCmFwcC5vbigiYWN0aXZhdGUiLCBmdW5jdGlvbiAoKSB7CiAgaWYgKG1haW5XaW5kb3cgPT09IG51bGwpIHsKICAgIGNyZWF0ZVdpbmRvdygpCiAgfQp9KQoKaXBjTWFpbi5vbigic2F2ZUFwcERhdGEiLCAoKSA9PiB7CiAgdHJ5IHsKICAgIC8vIGVsZWN0cm9uIGRvZXNuJ3QgZXNjYXBlIC8gaW4gdGhlIHByb2R1Y3QgbmFtZQogICAgZnMud3JpdGVGaWxlU3luYyhwYXRoLmpvaW4oYXBwLmdldFBhdGgoImFwcERhdGEiKSwgIlRlc3QgQXBwIMOfVyIsICJ0ZXN0RmlsZSIpLCAidGVzdCIpCiAgfQogIGNhdGNoIChlKSB7CiAgICBtYWluV2luZG93LndlYkNvbnRlbnRzLmV4ZWN1dGVKYXZhU2NyaXB0KGBjb25zb2xlLmxvZyhcYHVzZXJEYXRhOiAke2V9XGApYCkKICB9Cn0pewogICJwcml2YXRlIjogdHJ1ZSwKICAibmFtZSI6ICJUZXN0QXBwIiwKICAicHJvZHVjdE5hbWUiOiAiVGVzdCBBcHAgw59XIiwKICAidmVyc2lvbiI6ICIxLjEuMCIsCiAgImhvbWVwYWdlIjogImh0dHA6Ly9mb28uZXhhbXBsZS5jb20iLAogICJkZXNjcmlwdGlvbiI6ICJUZXN0IEFwcGxpY2F0aW9uICh0ZXN0IHF1aXRlIFwiICMzNzgpIiwKICAiYXV0aG9yIjogIkZvbyBCYXIgPGZvb0BleGFtcGxlLmNvbT4iLAogICJsaWNlbnNlIjogIk1JVCIKfXt9e31UZXN0IHRoYXQgd2UgZG9uJ3QgdGFrZSBpbiBhY2NvdW50IGp1c3QgZGlyZWN0b3J5IGBhcHBgIHdpdGhvdXQgYHBhY2thZ2UuanNvbmBJZ25vcmUgYHBhY2thZ2UuanNvbmAgZGlyZWN0b3J5Lg=="`;
