// Jest Snapshot v1, https://goo.gl/fbAQLP

exports[`Button should render correctly 1`] = `
<div
  className="jsx-__scopedHash form-error"
>
  <JSXStyle
    css="__scoped"
    styleId="__scopedHash"
  />
  Default error
</div>
`;
